> Task :app:preBuild UP-TO-DATE
> Task :app:preDebugBuild UP-TO-DATE
> Task :app:mergeDebugNativeDebugMetadata NO-SOURCE
> Task :app:dataBindingMergeDependencyArtifactsDebug UP-TO-DATE
> Task :app:generateDebugResources UP-TO-DATE
> Task :app:packageDebugResources UP-TO-DATE
> Task :app:processDebugNavigationResources UP-TO-DATE
> Task :app:parseDebugLocalResources UP-TO-DATE
> Task :app:generateDebugAssets UP-TO-DATE
> Task :app:javaPreCompileDebug
> Task :app:generateDebugRFile
> Task :app:mergeDebugAssets
> Task :app:compressDebugAssets
> Task :app:desugarDebugFileDependencies
> Task :app:checkDebugAarMetadata UP-TO-DATE
> Task :app:compileDebugNavigationResources UP-TO-DATE
> Task :app:mapDebugSourceSetPaths UP-TO-DATE
> Task :app:createDebugCompatibleScreenManifests
> Task :app:extractDeepLinksDebug
> Task :app:checkDebugDuplicateClasses
> Task :app:mergeDebugResources FAILED
> Task :app:processDebugMainManifest
./gradlew : 
At line:1 char:1
+ ./gradlew 
assembleDebug > 
build_output.txt 2>&1
+ ~~~~~~~~~~~~~~~~~~~~
~~~~~~~~~~~~~~~~~~~~~~
~~~~~
    + CategoryInfo    
          : NotSpeci  
  fied: (:String) [   
 ], RemoteExceptio    
n
    + FullyQualifiedE 
   rrorId : NativeCo  
  mmandError
 
FAILURE: Build failed 
with an exception.

* What went wrong:
Execution failed for 
task ':app:mergeDebugR
esources'.
> Multiple task 
action failures 
occurred:
   > A failure 
occurred while 
executing com.android.
build.gradle.internal.
res.ResourceCompilerRu
nnable
      > Resource 
compilation failed 
(Failed to compile 
resource file: C:\User
s\srike\Desktop\colleg
e\PDD\additional\front
end\app\build\intermed
iates\incremental\debu
g\mergeDebugResources\
stripped.dir\layout\fr
agment_pharmacist_pati
ents.xml: . Cause: jav
ax.xml.stream.XMLStrea
mException: 
ParseError at 
[row,col]:[56,46]
        Message: http:
//www.w3.org/TR/1999/R
EC-xml-names-19990114#
AttributePrefixUnbound
?ImageView&app:tint&ap
p). Check logs for 
more details.
   > A failure 
occurred while 
executing com.android.
build.gradle.internal.
res.ResourceCompilerRu
nnable
      > Resource 
compilation failed 
(Failed to compile 
resource file: C:\User
s\srike\Desktop\colleg
e\PDD\additional\front
end\app\build\intermed
iates\incremental\debu
g\mergeDebugResources\
stripped.dir\layout\fr
agment_pharmacist_home
.xml: . Cause: javax.x
ml.stream.XMLStreamExc
eption: ParseError at 
[row,col]:[71,69]
        Message: http:
//www.w3.org/TR/1999/R
EC-xml-names-19990114#
AttributePrefixUnbound
?ImageView&app:tint&ap
p). Check logs for 
more details.

* Try:
> Run with 
--stacktrace option 
to get the stack 
trace.
> Run with --info or 
--debug option to get 
more log output.
> Run with --scan to 
generate a Build Scan 
(Powered by 
Develocity).
> Get more help at htt
ps://help.gradle.org.

BUILD FAILED in 6s
18 actionable tasks: 10 executed, 8 up-to-date
